// Jest Snapshot v1, https://goo.gl/fbAQLP

exports[`renders CallToAction correctly 1`] = `
<section
  className="call-action"
>
  <h4>
    Be where you want to be on time
  </h4>
  <p>
    <a
      className="btn btn-oval"
      href="/register"
      onClick={[Function]}
    >
      Book your ride
    </a>
  </p>
</section>
`;
