// Jest Snapshot v1, https://goo.gl/fbAQLP

exports[`renders Footer correctly 1`] = `
<section
  className="about-section footer"
>
  <h2
    className="about-section__primary"
  >
    <a
      className="nav-link white"
      href="/"
      onClick={[Function]}
    >
      <img
        alt="Car Rentals"
        className="logo"
        src="logo_dark.png"
      />
    </a>
  </h2>
  <p>
    Plot 1 Unit F, Ewet Housing Estate
     
    <br />
    +2348035336234
  </p>
  <p>
    Car Rentals
     
    2021
    . All rights reserved
  </p>
</section>
`;
